[saraannrochford.wixsite.com/glump.html]
[backblue.gif]
[fade.gif]
[index.html]
[polyfill.io/v3/polyfill.mind82c.js]
[saraannrochford.wixsite.com/index.html]
[static.parastorage.com/unpkg/core-js-bundle@3.2.1/minified.js]
[static.parastorage.com/unpkg/focus-within-polyfill@5.0.9/dist/focus-within-polyfill.js]
[static.wixstatic.com/media/c674cc_8c314a7c947a4d9b9c035d6b7a885842_mv2.jpg/v1/fill/w_110,h_120,al_c,q_80,usm_0.66_1.00_0.01,blur_2,enc_auto/c674cc_8c314a7c947a4d9b9c035d6b7a885842_mv2.jpg]
[static.wixstatic.com/media/47efc9_92f4bb1c41964035860bcfe2bae21afa_mv2.png/v1/fill/w_419,h_355,al_c,q_85,usm_0.66_1.00_0.01,enc_auto/IMG_1157_edited.png]
[static.wixstatic.com/media/47efc9_0db7449c477a41ec82e1e930d457fc8e_mv2.png/v1/fill/w_517,h_115,al_c,q_85,usm_0.66_1.00_0.01,enc_auto/47efc9_0db7449c477a41ec82e1e930d457fc8e_mv2.png]
[static.wixstatic.com/media/c674cc_e0faab0ed2054952a7c9f613b1b9b87f_mv2.png/v1/fill/w_1581,h_779,al_c,q_90,usm_0.66_1.00_0.01,enc_auto/c674cc_e0faab0ed2054952a7c9f613b1b9b87f_mv2.png]
[static.wixstatic.com/media/47efc9_33d9712296344105acf1dc11798738cb_mv2.png/v1/fill/w_53,h_54,al_c,q_85,usm_0.66_1.00_0.01,blur_2,enc_auto/47efc9_33d9712296344105acf1dc11798738cb_mv2.png]
[browser.sentry-cdn.com/6.18.2/bundle.min.js]
[saraannrochford.wixsite.com/sitemap.f.delayed]
[saraannrochford.wixsite.com/feed.10.delayed]
[saraannrochford.wixsite.com/${n.11.delayed]
[saraannrochford.wixsite.com/decodeURIComponent(e.17.delayed]
[static.parastorage.com/unpkg/lodash@4.17.21/lodash.min.js]
[saraannrochford.wixsite.com/glump.html]
[static.parastorage.com/unpkg/react-dom@18.2.0/umd/react-dom.production.min.js]
[saraannrochford.wixsite.com/index.html]
[static.parastorage.com/unpkg/react@18.2.0/umd/react.production.min.js]
[static.parastorage.com/services/wix-perf-measure/1.1095.0/wix-perf-measure.umd.min.js]
[static.wixstatic.com/media/nsplsh_821d0daa3e07401ca9025cab28e338ff_mv2.jpg/v1/fill/w_147,h_98,al_c,q_80,usm_0.66_1.00_0.01,blur_2,enc_auto/nsplsh_821d0daa3e07401ca9025cab28e338ff_mv2.jpg]
[static.parastorage.com/services/wix-thunderbolt/dist/originTrials.41d7301a.bundle.min.js]
[static.wixstatic.com/media/c674cc_9e0356fc0c8a47039dbe5f521df739c0_mv2.png/v1/fill/w_427,h_265,al_c,q_85,usm_0.66_1.00_0.01,enc_auto/Bmoc_2_PNG.png]
[static.wixstatic.com/media/c674cc_0ad36671e9b544c5a40a89f6ad59e718_mv2.png/v1/fill/w_383,h_291,al_c,q_85,usm_0.66_1.00_0.01,enc_auto/Bmoc_4_PNG.png]
[static.wixstatic.com/media/c674cc_480beceb62394aa99a5def3f32f3d1e2_mv2.png/v1/fill/w_1587,h_749,al_c,q_90,usm_0.66_1.00_0.01,enc_auto/Capture1_PNG.png]
[saraannrochford.wixsite.com/glump/robots.1f.delayed]
[saraannrochford.wixsite.com/glump/feed.21.delayed]
[saraannrochford.wixsite.com/glump/${n.22.delayed]
[saraannrochford.wixsite.com/glump/decodeURIComponent(e.23.delayed]
[saraannrochford.wixsite.com/glump/about.html]
[saraannrochford.wixsite.com/glump/candidates.html]
[static.wixstatic.com/media/c674cc_a4b9c2fc181f49c492ee1401fb3879dc_mv2.jpg/v1/fill/w_104,h_104,al_c,q_80,usm_0.66_1.00_0.01,blur_2,enc_auto/c674cc_a4b9c2fc181f49c492ee1401fb3879dc_mv2.jpg]
[static.wixstatic.com/media/c674cc_66ac2dd90d8d451eaa4556fd13f91d7f_mv2.png/v1/fill/w_332,h_317,al_c,q_85,usm_0.66_1.00_0.01,enc_auto/Bmoc_3_PNG.png]
[static.wixstatic.com/media/c674cc_5cab1b7cf9064888b4ae0e8a01a09419_mv2.png/v1/fill/w_1838,h_695,al_c,q_90,usm_0.66_1.00_0.01,enc_auto/Capture2_PNG.png]
[static.wixstatic.com/media/11062b_01cc01384b73476b93a3c5ec89fe6a1d_mv2.jpeg/v1/fill/w_147,h_94,al_c,q_80,usm_0.66_1.00_0.01,blur_2,enc_auto/11062b_01cc01384b73476b93a3c5ec89fe6a1d_mv2.jpg]
[static.wixstatic.com/media/c674cc_57fead170dd842d9835f06c29fda43d9_mv2.png/v1/crop/x_127,y_25,w_370,h_441/fill/w_102,h_121,al_c,q_85,usm_0.66_1.00_0.01,enc_auto/Bmoc_5_PNG.png]
[static.wixstatic.com/media/c674cc_8b95b9ab8fd14f9d972db662f8e6d7de_mv2.png/v1/fill/w_1740,h_654,al_c,q_90,usm_0.66_1.00_0.01,enc_auto/Capture3_PNG.png]
[saraannrochford.wixsite.com/glump/voting-1.html]
[static.wixstatic.com/media/c674cc_af0e426fe8234e918fc0144fa533809f_mv2.jpg/v1/fill/w_104,h_104,al_c,q_80,usm_0.66_1.00_0.01,blur_2,enc_auto/c674cc_af0e426fe8234e918fc0144fa533809f_mv2.jpg]
[static.wixstatic.com/media/c674cc_af355b2277f041c5b58a9661037d5bcd_mv2.png/v1/fill/w_1753,h_695,al_c,q_90,usm_0.66_1.00_0.01,enc_auto/Capture4_PNG.png]
[saraannrochford.wixsite.com/glump/voting-statistics.html]
[static.wixstatic.com/media/c674cc_428be38cf019436b918b2690891800c0_mv2.png/v1/fill/w_1703,h_678,al_c,q_90,usm_0.66_1.00_0.01,enc_auto/Capture5_PNG.png]
[saraannrochford.wixsite.com/glump/glump-1.html]
[static.wixstatic.com/media/c674cc_56ad1fa47a9a4a4dac57faa91e0d5249_mv2.jpg/v1/fill/w_147,h_147,al_c,q_80,usm_0.66_1.00_0.01,blur_2,enc_auto/c674cc_56ad1fa47a9a4a4dac57faa91e0d5249_mv2.jpg]
[static.wixstatic.com/media/c674cc_e0a7b0dd8a54499cba49527665566f23_mv2.png/v1/fill/w_320,h_259,al_c,q_85,usm_0.66_1.00_0.01,enc_auto/Bmoc_5_PNG.png]
[static.wixstatic.com/media/c674cc_460d8fee426045d3af7e278ae65f8d77_mv2.png/v1/fill/w_1832,h_976,al_c,q_90,enc_auto/Capture6_PNG.png]
[saraannrochford.wixsite.com/sitemap.html]
[saraannrochford.wixsite.com/feed.html]
[saraannrochford.wixsite.com/${n.html]
[saraannrochford.wixsite.com/decodeURIComponent(e.html]
[saraannrochford.wixsite.com/glump/robots.html]
[saraannrochford.wixsite.com/glump/feed.html]
[saraannrochford.wixsite.com/glump/${n.html]
[saraannrochford.wixsite.com/glump/decodeURIComponent(e.html]
[static.wixstatic.com/media/nsplsh_3f961f94b15042fb84a5a100d2e87619_mv2.jpg/v1/fill/w_147,h_98,al_c,q_80,usm_0.66_1.00_0.01,blur_2,enc_auto/nsplsh_3f961f94b15042fb84a5a100d2e87619_mv2.jpg]
